Sequence name	HCV-I_PV1_Run3_B	HCV-H_PV1_Run3_B	SAB-K_PV1_Run3_A	SAB-G_PV1_Run3_B
KJG-Y_PV1_Run3_A
PV1_000000	-0.756341	-0.417125	-3.28485	8.938232	-8.482034
PV1_000001	0.971547	4.15873	1.484992	9.482038	10.473839
PV1_000002	0.861484	1.54681	0.858234	0.348570	-0.472938
PV1_000003	1.42512	2.20999	-1.748289	-8.327523	4.739495
PV1_000004	0.603988	1.54066	0.947482	0.374823	0.739598
PV1_000005	1.36506	-0.417125	1.347432	1.358693	1.374934
