Sequence name	HCV-I_PV1_Run3_B	HCV-H_PV1_Run3_B	SAB-K_PV1_Run3_A	SAB-G_PV1_Run3_B
KJG-Y_PV1_Run3_A
PV1_000000	0	3	6	0	10
PV1_000001	2	10	29	4	23
PV1_000002	8	1	84	44	4
PV1_000003	10	13	1	90	5
PV1_000004	7	6	3	34	78
PV1_000005	23	14	0	3	0
