HCV-I_PV1_Run3_B	HCV-H_PV1_Run3_B
SAB-K_PV1_Run3_A	SAB-G_PV1_Run3_B	KJG-Y_PV1_Run3_A
