Sequence name	HCV-I_PV1_Run3_B	HCV-H_PV1_Run3_B	SAB-K_PV1_Run3_A	SAB-G_PV1_Run3_B
PV1_000000	0.00	0.00	0.00	0.00
PV1_000001	121.51	214.89	586.18	390.38
PV1_000002	97.21	107.44	93.25	12.34
PV1_000003	182.27	171.91	145.32	678.30
PV1_000004	36.45	42.98	89.34	23.80
PV1_000005	12.15	0.00	673.23	798.00
