Replicates	Reason
SB_PV1_Run3_A, SB_PV1_Run3_B	No enriched peptides
