PV1_000051
PV1_000104
PV1_000139
PV1_000155
PV1_000158
PV1_000303
PV1_000320
PV1_000378
PV1_000402
PV1_000410
PV1_000510
PV1_000636
PV1_000693
PV1_000794
PV1_000847
PV1_000878
PV1_000883
PV1_000884
PV1_000892
PV1_000964
PV1_001015
PV1_001026
PV1_001031
PV1_001106
PV1_001118
PV1_001166
PV1_001214
PV1_001236
PV1_001270
PV1_001427
PV1_001473
PV1_001476
PV1_001485
PV1_001536
PV1_001598
PV1_001636
PV1_001641
PV1_001649
PV1_001651
PV1_001701
PV1_001831
PV1_001946
PV1_002098
PV1_002121
PV1_002180
PV1_002195
PV1_002199
PV1_002316
PV1_002369
PV1_002392
PV1_002427
PV1_002442
PV1_002475
PV1_002492
PV1_002523
PV1_002695
PV1_002706
PV1_002751
PV1_002766
PV1_002796
PV1_002798
PV1_002810
PV1_002819
PV1_002860
PV1_002872
PV1_002908
PV1_002966
PV1_002972
PV1_003052
PV1_003259
PV1_003269
PV1_003359
PV1_003402
PV1_003410
PV1_003433
PV1_003476
PV1_003479
PV1_003540
PV1_003548
PV1_003562
PV1_003565
PV1_003599
PV1_003607
PV1_003611
PV1_003674
PV1_003789
PV1_003936
PV1_003956
PV1_003977
PV1_004026
PV1_004032
PV1_004081
PV1_004093
PV1_004106
PV1_004111
PV1_004206
PV1_004210
PV1_004268
PV1_004355
PV1_004386
PV1_004408
PV1_004438
PV1_004496
PV1_004585
PV1_004627
PV1_004631
PV1_004639
PV1_004662
PV1_004817
PV1_004848
PV1_004914
PV1_004997
PV1_005008
PV1_005013
PV1_005056
PV1_005081
PV1_005124
PV1_005174
PV1_005191
PV1_005221
PV1_005228
PV1_005242
PV1_005338
PV1_005475
PV1_005548
PV1_005575
PV1_005807
PV1_005831
PV1_005833
PV1_005845
PV1_005914
PV1_005950
PV1_005968
PV1_006026
PV1_006034
PV1_006058
PV1_006149
PV1_006223
PV1_006259
PV1_006336
PV1_006391
PV1_006411
PV1_006475
PV1_006535
PV1_006594
PV1_006626
PV1_006632
PV1_006642
PV1_006802
PV1_006848
PV1_006855
PV1_007089
PV1_007167
PV1_007293
PV1_007352
PV1_007474
PV1_007808
PV1_007884
PV1_007894
PV1_008036
PV1_008107
PV1_008132
PV1_008321
PV1_008333
PV1_008442
PV1_008465
PV1_008661
PV1_008706
PV1_008709
PV1_008716
PV1_008782
PV1_008845
PV1_008879
PV1_008979
PV1_009076
PV1_009084
PV1_009200
PV1_009202
PV1_009266
PV1_009273
PV1_009306
PV1_009388
PV1_009440
PV1_009504
PV1_009730
PV1_009735
PV1_009831
PV1_009865
PV1_009930
PV1_010090
PV1_010231
PV1_010256
PV1_010372
PV1_010573
PV1_010617
PV1_010662
PV1_010701
PV1_010707
PV1_010708
PV1_010777
PV1_010831
PV1_010872
PV1_010949
PV1_011032
PV1_011044
PV1_011080
PV1_011087
PV1_011141
PV1_011143
PV1_011168
PV1_011212
PV1_011321
PV1_011325
PV1_011399
PV1_011515
PV1_011642
PV1_011680
PV1_011696
PV1_011717
PV1_011730
PV1_011739
PV1_012083
PV1_012151
PV1_012208
PV1_012335
PV1_012447
PV1_012582
PV1_012903
PV1_012931
PV1_012978
PV1_013124
PV1_013131
PV1_013176
PV1_013183
PV1_013190
PV1_013250
PV1_013538
PV1_013596
PV1_013609
PV1_013995
PV1_014033
PV1_014089
PV1_014111
PV1_014137
PV1_014175
PV1_014201
PV1_014239
PV1_014611
PV1_014781
PV1_014836
PV1_014975
