HCV-I_PV1_Run3_B
HCV-H_PV1_Run3_B
HCV-J_PV1_Run3_A
JAS_PV1_Run10_A
HCV-H_PV1_Run3_A
HCV-I_PV1_Run3_A
HCV-J_PV1_Run3_B
SB_PV1_Run3_A
JAS_PV1_Run10_B
SB_PV1_Run3_B
