PepSIRF (v1.4.0) 
Starting module default module with arguments: 
 --input        comboWR_raw_2mm_i1mm.tsv
 --get_samples  comboWR_raw_2mm_i1mm_SN.tsv
 --get_probes   
 --col_sums     
 
Number of samples:  10
Number of peptides: 15000
PepSIRF (v1.4.0) 
Starting module default module with arguments: 
 --input        comboWR_raw_2mm_i1mm.tsv
 --get_samples  
 --get_probes   
 --col_sums     comboWR_raw_2mm_i1mm_RC.tsv
 
Number of samples:  10
Number of peptides: 15000
PepSIRF (v1.5.1) 
Starting module default module with arguments: 
 --input        comboWR_raw_2mm_i1mm.tsv
 --get_samples  comboWR_raw_2mm_i1mm_SN.tsv
 --get_probes   
 --col_sums     
 
Number of samples:  10
Number of peptides: 15000
PepSIRF (v1.5.1) 
Starting module default module with arguments: 
 --input        comboWR_raw_2mm_i1mm.tsv
 --get_samples  comboWR_raw_2mm_i1mm_SN.tsv
 --get_probes   
 --col_sums     
 
Number of samples:  10
Number of peptides: 15000
PepSIRF (v1.5.1) 
Starting module default module with arguments: 
 --input        comboWR_raw_2mm_i1mm.tsv
 --get_samples  comboWR_raw_2mm_i1mm_SN.tsv
 --get_probes   
 --col_sums     
 
Number of samples:  10
Number of peptides: 15000
