comboWR_raw_2mm_i1mm_Z-HDI75.tsv	10
comboWR_raw_2mm_i1mm_CS.tsv	20
