NS30_000000-1
NS30_000000-2
NS30_000000-3
NS30_000001-1
NS30_000001-2