NS30_000009-1
NS30_000009-3
NS30_000010-2
NS30_000010-3
NS30_000027-1
NS30_000027-2
NS30_000032-2
NS30_000032-3
NS30_000041-1
NS30_000041-2