AAAGGCCTGTCTGACGAAGAATACGAAGAATACAAACGCG	NS30_000032-2	NS30_000032-3
CTGAAAAACCTGCTGAACTCCCGCAAACGTGACCCGCTGT	NS30_000027-1	NS30_000027-2
ACCAAAGAAGTTATGATCAAAGCTGAAAAAATGGGCAAAT	NS30_000041-1	NS30_000041-2
CCGCCGGCTGAAAAAAAAGACCCGTACGCTGACCTGACCT	NS30_000010-2	NS30_000010-3
CAGGACATCCACCTGATCGACGACCTGGGCCAGACCCGCA	NS30_000009-1	NS30_000009-3
