Sequence name	Sample1_B	Sample2_A	Sample2_B	Sample1_A	Sample1_C	Sample3_A
PV1_000000	-0.707107	0.707107	0.707107	-0.707107	-0.707107	nan
PV1_000001	0.707107	0.707107	-0.707107	0.707107	0.707107	nan
PV1_000002	-0.707107	-0.707107	-0.707107	-0.707107	-0.707107	nan
PV1_000003	0.707107	0.707107	0.707107	0.707107	0.707107	nan
PV1_000004	0.707107	-0.707107	-0.707107	0.707107	0.707107	nan
PV1_000005	-0.707107	-0.707107	0.707107	-0.707107	-0.707107	nan
