Sample name	Sum of probe scores
BB.5_1X_NS30_B	2995.00
BB.6_1X_NS30_A	49.00
BB.3_1X_NS30_B	1604.00
BB.5_1X_NS30_C	1801.00
BB.1_1X_NS30_A	327.00
BB.3_1X_NS30_A	1251.00
BB.5_1X_NS30_A	1597.00
BB.6_1X_NS30_B	963.00
