BB.3_1X_NS30_A
BB.1_1X_NS30_A
BB.5_1X_NS30_A
BB.6_1X_NS30_A
BB.3_1X_NS30_B
BB.5_1X_NS30_B
BB.6_1X_NS30_B
BB.5_1X_NS30_C
