Sequence name	Nor.27_1X_NS30_1x_ProG_A	Nor.28_1X_NS30_1x_ProG_A	BB.10_1X_NS30_1x_ProG_A	BB.11_1X_NS30_1x_ProG_A	Nor.43_1X_NS30_1x_ProG_A	JA.s_1X_NS30_1X_ProG_B
NS30_000000-1	0	0	0	0	0	0
NS30_000000-2	0	0	0	0	0	0
NS30_000001-2	0	0	0	0	0	0
NS30_000001-1	0	0	0	0	0	0
NS30_000000-3	0	0	0	0	0	0
