NS30_000337
NS30_000745
NS30_001193
NS30_001797
NS30_000127
NS30_000160
NS30_001924
NS30_002113
NS30_000924
NS30_001504
