PV1_000131
PV1_000158
PV1_000222
PV1_000357
PV1_000402
PV1_000403
PV1_000407
PV1_000604
PV1_000695
PV1_000697
PV1_000702
PV1_000847
PV1_000903
PV1_000997
PV1_001052
PV1_001266
PV1_001427
PV1_001543
PV1_001824
PV1_001982
PV1_002121
PV1_002363
PV1_002420
PV1_002425
PV1_002437
PV1_002449
PV1_002706
PV1_002790
PV1_002906
PV1_003055
PV1_004104
PV1_004188
PV1_004209
PV1_004305
PV1_004602
PV1_004955
PV1_005097
PV1_005303
PV1_005457
PV1_005466
PV1_005807
PV1_006215
PV1_006375
PV1_006594
PV1_013043
