PV1_000208
PV1_000407
PV1_000809
PV1_000847
PV1_001106
PV1_001427
PV1_001457
PV1_001543
PV1_001597
PV1_001789
PV1_001883
PV1_001944
PV1_002399
PV1_002706
PV1_002909
PV1_003055
PV1_003445
PV1_003983
PV1_004209
PV1_004662
PV1_004708
PV1_005084
PV1_005097
PV1_005541
PV1_005548
PV1_005672
PV1_005807
PV1_005968
PV1_006594
PV1_010460
PV1_010617
PV1_011032
