PV1_000139
PV1_000161
PV1_000208
PV1_000249
PV1_000402
PV1_000403
PV1_000407
PV1_000695
PV1_000697
PV1_000847
PV1_000884
PV1_001427
PV1_001543
PV1_001608
PV1_001701
PV1_001824
PV1_001944
PV1_001955
PV1_002121
PV1_002401
PV1_002706
PV1_003052
PV1_003055
PV1_003076
PV1_003408
PV1_003664
PV1_003850
PV1_003974
PV1_003983
PV1_004081
PV1_004209
PV1_004740
PV1_004955
PV1_005097
PV1_005344
PV1_005541
PV1_005807
PV1_006594
PV1_007541
PV1_008764
PV1_009508
PV1_009537
PV1_009749
PV1_009819
PV1_010155
PV1_010410
PV1_012083
PV1_012128
PV1_012544
